// Jest Snapshot v1, https://jestjs.io/docs/snapshot-testing

exports[`muscle attribution audit (Phase 1 — report only) pins tags that resolve to nothing (silently dropped credit) 1`] = `[]`;

exports[`muscle attribution audit (Phase 1 — report only) pins the known invariant failures (Phase 2 worklist — shrink only via review) 1`] = `
[
  "seed-db | Overhead Carry | inverted | rival traps",
  "seed-db | Barbell Bench Press | tied | rival front_delts",
  "service-fallback | Barbell Bench Press | tied | rival front_delts",
  "program-template | Barbell Bench Press | tied | rival triceps",
  "seed-db | Barbell Row | tied | rival biceps",
  "service-fallback | Barbell Row | tied | rival biceps",
  "program-template | Barbell Row | tied | rival biceps",
  "seed-db | Cable Fly | tied | rival front_delts",
  "service-fallback | Cable Fly | tied | rival front_delts",
  "seed-db | Cable Row | tied | rival biceps",
  "service-fallback | Cable Row | tied | rival biceps",
  "program-template | Cable Row | tied | rival biceps",
  "seed-db | Chest Supported Row | tied | rival biceps",
  "service-fallback | Chest Supported Row | tied | rival biceps",
  "service-fallback | Chin-Up | tied | rival biceps",
  "program-template | Chin-Up | tied | rival biceps",
  "service-fallback | Dip | tied | rival triceps",
  "program-template | Dip | tied | rival triceps",
  "seed-db | Dumbbell Bench Press | tied | rival front_delts",
  "service-fallback | Dumbbell Bench Press | tied | rival front_delts",
  "program-template | Dumbbell Bench Press | tied | rival triceps",
  "seed-db | Dumbbell Fly | tied | rival front_delts",
  "seed-db | Dumbbell Row | tied | rival biceps",
  "service-fallback | Dumbbell Row | tied | rival biceps",
  "program-template | Dumbbell Row | tied | rival biceps",
  "service-fallback | Incline Barbell Press | tied | rival triceps",
  "program-template | Incline Barbell Press | tied | rival triceps",
  "program-template | Incline Dumbbell Press | tied | rival triceps",
  "program-template | Lat Pulldown | tied | rival biceps",
  "seed-db | Machine Chest Press | tied | rival front_delts",
  "service-fallback | Machine Chest Press | tied | rival front_delts",
  "program-template | Machine Chest Press | tied | rival triceps",
  "seed-db | Meadows Row | tied | rival biceps",
  "service-fallback | Meadows Row | tied | rival biceps",
  "seed-db | Pec Deck | tied | rival front_delts",
  "service-fallback | Pec Deck | tied | rival front_delts",
  "service-fallback | Pull-Up | tied | rival biceps",
  "program-template | Pull-Up | tied | rival biceps",
  "service-fallback | Push-Up | tied | rival triceps",
  "program-template | Push-Up | tied | rival triceps",
  "seed-db | Seated Cable Fly | tied | rival front_delts",
  "service-fallback | Seated Cable Fly | tied | rival front_delts",
  "seed-db | Seated Machine Row | tied | rival biceps",
  "service-fallback | Seated Machine Row | tied | rival biceps",
  "seed-db | Smith Machine Bench Press | tied | rival front_delts",
  "service-fallback | Smith Machine Bench Press | tied | rival front_delts",
  "service-fallback | T-Bar Row | tied | rival biceps",
  "program-template | T-Bar Row | tied | rival biceps",
]
`;

exports[`muscle attribution audit (Phase 1 — report only) pins the uniform head-split primaries (the coarse-smear mechanism class) 1`] = `
[
  "seed-db | Barbell Bench Press | chest",
  "service-fallback | Barbell Bench Press | chest",
  "program-template | Barbell Bench Press | chest",
  "seed-db | Barbell Row | back",
  "service-fallback | Barbell Row | back",
  "program-template | Barbell Row | back",
  "seed-db | Cable Fly | chest",
  "service-fallback | Cable Fly | chest",
  "program-template | Cable Fly | chest",
  "seed-db | Cable Row | back",
  "service-fallback | Cable Row | back",
  "program-template | Cable Row | back",
  "seed-db | Chest Supported Row | back",
  "service-fallback | Chest Supported Row | back",
  "service-fallback | Chin-Up | back",
  "program-template | Chin-Up | back",
  "service-fallback | Dip | chest",
  "program-template | Dip | chest",
  "seed-db | Dumbbell Bench Press | chest",
  "service-fallback | Dumbbell Bench Press | chest",
  "program-template | Dumbbell Bench Press | chest",
  "seed-db | Dumbbell Fly | chest",
  "seed-db | Dumbbell Row | back",
  "service-fallback | Dumbbell Row | back",
  "program-template | Dumbbell Row | back",
  "service-fallback | Incline Barbell Press | chest",
  "program-template | Incline Barbell Press | chest",
  "program-template | Incline Dumbbell Press | chest",
  "program-template | Lat Pulldown | back",
  "seed-db | Machine Chest Press | chest",
  "service-fallback | Machine Chest Press | chest",
  "program-template | Machine Chest Press | chest",
  "seed-db | Meadows Row | back",
  "service-fallback | Meadows Row | back",
  "seed-db | Overhead Carry | shoulders",
  "seed-db | Pec Deck | chest",
  "service-fallback | Pec Deck | chest",
  "service-fallback | Pull-Up | back",
  "program-template | Pull-Up | back",
  "service-fallback | Push-Up | chest",
  "program-template | Push-Up | chest",
  "seed-db | Seated Cable Fly | chest",
  "service-fallback | Seated Cable Fly | chest",
  "seed-db | Seated Machine Row | back",
  "service-fallback | Seated Machine Row | back",
  "seed-db | Smith Machine Bench Press | chest",
  "service-fallback | Smith Machine Bench Press | chest",
  "service-fallback | T-Bar Row | back",
  "program-template | T-Bar Row | back",
]
`;
